// Jest Snapshot v1, https://goo.gl/fbAQLP

exports[`Dullard CLI --help should show help 1`] = `
"Let the computers do the boring stuff.

  Usage
      $ dullard <options> <task>, ..., <taskN>

  Options
      --help         Show this help
      --dirs,    -d  Specify directories to load tasks from
      --list,    -l  Show a list of available tasks
      --test,    -t  Run in test mode, no tasks will be executed
      --config,  -c  Output final assembled config for debugging
      --silent,  -s  No output
      --verbose, -v  Verbose logging
      --silly,   -y  REALLY verbose logging
      --log,     -g  Specify log level, one of silly, verbose, info, warn, error, & silent"
`;

exports[`Dullard CLI --log/--silent/--verbose/--silly should support --log=silent 1`] = `
Object {
  "code": 0,
  "stderr": "",
  "stdout": "",
}
`;

exports[`Dullard CLI --log/--silent/--verbose/--silly should support --silent 1`] = `
Object {
  "code": 0,
  "stderr": "",
  "stdout": "",
}
`;
